
Running 24 tests using 10 workers

[1A[2K[1/24] [chromium] ??tests\product-details-korean-labels.spec.ts:6:7 ??Product Details Page - Korean Labels ??should display all product labels in Korean
[1A[2K[2/24] [chromium] ??tests\product-details-korean-labels.spec.ts:41:7 ??Product Details Page - Korean Labels ??should NOT display English labels on product details page
[1A[2K[3/24] [chromium] ??tests\product-details-korean-labels.spec.ts:62:7 ??Product Details Page - Korean Labels ??should display brand and category values with Korean labels
[1A[2K[4/24] [chromium] ??tests\product-details-korean-labels.spec.ts:89:7 ??Cart Page - Product Korean Labels ??should display cart product labels in Korean
[1A[2K[5/24] [chromium] ??tests\product-details-korean-labels.spec.ts:130:7 ??Cart Page - Product Korean Labels ??should add product to cart and verify Korean labels
[1A[2K[6/24] [chromium] ??tests\product-details-korean-labels.spec.ts:159:7 ??Product Details - Savings Information ??should display savings amount with Korean labels and currency symbol
[1A[2K[7/24] [chromium] ??tests\product-details-korean-labels.spec.ts:111:7 ??Cart Page - Product Korean Labels ??should NOT display English labels in cart products
[1A[2K[8/24] [firefox] ??tests\product-details-korean-labels.spec.ts:6:7 ??Product Details Page - Korean Labels ??should display all product labels in Korean
[1A[2K[9/24] [chromium] ??tests\product-details-korean-labels.spec.ts:172:7 ??Product Details - Savings Information ??should display payment security guarantee in Korean
[1A[2K[10/24] [firefox] ??tests\product-details-korean-labels.spec.ts:41:7 ??Product Details Page - Korean Labels ??should NOT display English labels on product details page
[1A[2K[11/24] [firefox] ??tests\product-details-korean-labels.spec.ts:62:7 ??Product Details Page - Korean Labels ??should display brand and category values with Korean labels
[1A[2K[12/24] [firefox] ??tests\product-details-korean-labels.spec.ts:89:7 ??Cart Page - Product Korean Labels ??should display cart product labels in Korean
[1A[2K[13/24] [firefox] ??tests\product-details-korean-labels.spec.ts:111:7 ??Cart Page - Product Korean Labels ??should NOT display English labels in cart products
[1A[2K[14/24] [firefox] ??tests\product-details-korean-labels.spec.ts:159:7 ??Product Details - Savings Information ??should display savings amount with Korean labels and currency symbol
[1A[2K[15/24] [firefox] ??tests\product-details-korean-labels.spec.ts:130:7 ??Cart Page - Product Korean Labels ??should add product to cart and verify Korean labels
[1A[2K[16/24] [firefox] ??tests\product-details-korean-labels.spec.ts:172:7 ??Product Details - Savings Information ??should display payment security guarantee in Korean
[1A[2K[17/24] [webkit] ??tests\product-details-korean-labels.spec.ts:62:7 ??Product Details Page - Korean Labels ??should display brand and category values with Korean labels
[1A[2K[18/24] [webkit] ??tests\product-details-korean-labels.spec.ts:6:7 ??Product Details Page - Korean Labels ??should display all product labels in Korean
[1A[2K[19/24] [webkit] ??tests\product-details-korean-labels.spec.ts:41:7 ??Product Details Page - Korean Labels ??should NOT display English labels on product details page
[1A[2K[20/24] [webkit] ??tests\product-details-korean-labels.spec.ts:89:7 ??Cart Page - Product Korean Labels ??should display cart product labels in Korean
[1A[2K[21/24] [webkit] ??tests\product-details-korean-labels.spec.ts:130:7 ??Cart Page - Product Korean Labels ??should add product to cart and verify Korean labels
[1A[2K[22/24] [webkit] ??tests\product-details-korean-labels.spec.ts:111:7 ??Cart Page - Product Korean Labels ??should NOT display English labels in cart products
[1A[2K[23/24] [webkit] ??tests\product-details-korean-labels.spec.ts:159:7 ??Product Details - Savings Information ??should display savings amount with Korean labels and currency symbol
[1A[2K[24/24] [webkit] ??tests\product-details-korean-labels.spec.ts:172:7 ??Product Details - Savings Information ??should display payment security guarantee in Korean
[1A[2K  24 passed (32.2s)

To open last HTML report run:
[36m[39m
[36m  npx playwright show-report[39m
[36m[39m
